[gate 0] evaluating...
  [bologna_verdi] student rv=-7.14 hole_p90=2.14 sisdr=10.85 | 04573f0d rv=-7.41 hole=2.46 sisdr=11.21 | median sisdr=21.78
  [bologna_puccini] student rv=-15.58 hole_p90=2.83 sisdr=12.2 | 04573f0d rv=-15.61 hole=2.82 sisdr=12.01 | median sisdr=25.97
  [bologna_donizetti] student rv=-18.5 hole_p90=19.19 sisdr=16.23 | 04573f0d rv=-19.4 hole=18.85 sisdr=15.93 | median sisdr=27.77
  [aalto_mozart_dry] student rv=-20.61 hole_p90=2.12 sisdr=11.25 | 04573f0d rv=-21.01 hole=1.96 sisdr=11.33 | median sisdr=23.67
  [aalto_mozart_hall] student rv=-6.25 hole_p90=2.85 sisdr=8.48 | 04573f0d rv=-5.71 hole=2.91 sisdr=8.42 | median sisdr=12.48
  [PARITY step0==untouched_04573f0d] False
/home/mickg/audio-extract/audio_extract/train_classical.py:221: UserWarning: Converting a tensor with requires_grad=True to a scalar may lead to unexpected behavior.
Consider using tensor.detach() first. (Triggered internally at /__w/pytorch/pytorch/torch/csrc/autograd/generated/python_variable_methods.cpp:822.)
  print(f"step {step} loss={loss:.4f} exact={float(l_exact):.3f} src={float(l_src):.3f} ctrl={float(l_ctrl):.3f} parent={float(l_parent):.4f}", flush=True)
step 0 loss=0.3574 exact=0.206 src=0.149 ctrl=0.000 parent=0.0000
step 50 loss=0.3157 exact=0.130 src=0.184 ctrl=0.000 parent=0.0009
[gate 100] evaluating...
  [bologna_verdi] student rv=-11.26 hole_p90=3.22 sisdr=12.25 | 04573f0d rv=-7.41 hole=2.46 sisdr=11.21 | median sisdr=21.78
  [bologna_puccini] student rv=-18.3 hole_p90=3.13 sisdr=10.44 | 04573f0d rv=-15.61 hole=2.82 sisdr=12.01 | median sisdr=25.97
  [bologna_donizetti] student rv=-19.72 hole_p90=6.28 sisdr=14.01 | 04573f0d rv=-19.4 hole=18.85 sisdr=15.93 | median sisdr=27.77
  [aalto_mozart_dry] student rv=-19.84 hole_p90=2.43 sisdr=11.44 | 04573f0d rv=-21.01 hole=1.96 sisdr=11.33 | median sisdr=23.67
  [aalto_mozart_hall] student rv=-7.35 hole_p90=3.25 sisdr=8.46 | 04573f0d rv=-5.71 hole=2.91 sisdr=8.42 | median sisdr=12.48
step 100 loss=0.4347 exact=0.354 src=0.078 ctrl=0.001 parent=0.0016
step 150 loss=0.4618 exact=0.312 src=0.146 ctrl=0.000 parent=0.0020
step 200 loss=0.0091 exact=0.006 src=0.000 ctrl=0.001 parent=0.0027
step 250 loss=0.4294 exact=0.313 src=0.113 ctrl=0.000 parent=0.0032
step 300 loss=0.6310 exact=0.554 src=0.074 ctrl=0.000 parent=0.0037
step 350 loss=0.9271 exact=0.804 src=0.118 ctrl=0.000 parent=0.0044
step 400 loss=0.0930 exact=0.088 src=0.000 ctrl=0.000 parent=0.0045
step 450 loss=0.2518 exact=0.207 src=0.040 ctrl=0.000 parent=0.0046
[gate 500] evaluating...
  [bologna_verdi] student rv=-13.91 hole_p90=2.97 sisdr=12.63 | 04573f0d rv=-7.41 hole=2.46 sisdr=11.21 | median sisdr=21.78
  [bologna_puccini] student rv=-20.87 hole_p90=3.83 sisdr=9.53 | 04573f0d rv=-15.61 hole=2.82 sisdr=12.01 | median sisdr=25.97
  [bologna_donizetti] student rv=-17.42 hole_p90=9.67 sisdr=10.98 | 04573f0d rv=-19.4 hole=18.85 sisdr=15.93 | median sisdr=27.77
  [aalto_mozart_dry] student rv=-19.37 hole_p90=2.54 sisdr=11.66 | 04573f0d rv=-21.01 hole=1.96 sisdr=11.33 | median sisdr=23.67
  [aalto_mozart_hall] student rv=-4.78 hole_p90=3.41 sisdr=6.88 | 04573f0d rv=-5.71 hole=2.91 sisdr=8.42 | median sisdr=12.48
step 500 loss=0.3163 exact=0.301 src=0.010 ctrl=0.000 parent=0.0048
step 550 loss=0.3858 exact=0.290 src=0.089 ctrl=0.000 parent=0.0050
step 600 loss=0.3857 exact=0.288 src=0.091 ctrl=0.000 parent=0.0050
step 650 loss=0.2645 exact=0.158 src=0.100 ctrl=0.000 parent=0.0052
step 700 loss=0.1373 exact=0.116 src=0.015 ctrl=0.000 parent=0.0054
step 750 loss=0.9465 exact=0.843 src=0.097 ctrl=0.000 parent=0.0057
step 800 loss=1.4049 exact=1.334 src=0.065 ctrl=0.000 parent=0.0057
step 850 loss=0.6178 exact=0.476 src=0.134 ctrl=0.000 parent=0.0058
step 900 loss=0.0089 exact=0.003 src=0.000 ctrl=0.000 parent=0.0059
step 950 loss=0.5176 exact=0.379 src=0.133 ctrl=0.000 parent=0.0059
step 1000 loss=0.2683 exact=0.165 src=0.097 ctrl=0.000 parent=0.0059
step 1050 loss=0.6296 exact=0.525 src=0.097 ctrl=0.000 parent=0.0063
step 1100 loss=0.2198 exact=0.129 src=0.084 ctrl=0.000 parent=0.0065
step 1150 loss=0.2551 exact=0.203 src=0.045 ctrl=0.000 parent=0.0066
